/* SPDX-License-Identifier: 0BSD */

XZ_5.0 {
global:
	pizlonated_lzma_alone_decoder;
	pizlonated_lzma_alone_encoder;
	pizlonated_lzma_auto_decoder;
	pizlonated_lzma_block_buffer_bound;
	pizlonated_lzma_block_buffer_decode;
	pizlonated_lzma_block_buffer_encode;
	pizlonated_lzma_block_compressed_size;
	pizlonated_lzma_block_decoder;
	pizlonated_lzma_block_encoder;
	pizlonated_lzma_block_header_decode;
	pizlonated_lzma_block_header_encode;
	pizlonated_lzma_block_header_size;
	pizlonated_lzma_block_total_size;
	pizlonated_lzma_block_unpadded_size;
	pizlonated_lzma_check_is_supported;
	pizlonated_lzma_check_size;
	pizlonated_lzma_code;
	pizlonated_lzma_crc32;
	pizlonated_lzma_crc64;
	pizlonated_lzma_easy_buffer_encode;
	pizlonated_lzma_easy_decoder_memusage;
	pizlonated_lzma_easy_encoder;
	pizlonated_lzma_easy_encoder_memusage;
	pizlonated_lzma_end;
	pizlonated_lzma_filter_decoder_is_supported;
	pizlonated_lzma_filter_encoder_is_supported;
	pizlonated_lzma_filter_flags_decode;
	pizlonated_lzma_filter_flags_encode;
	pizlonated_lzma_filter_flags_size;
	pizlonated_lzma_filters_copy;
	pizlonated_lzma_filters_update;
	pizlonated_lzma_get_check;
	pizlonated_lzma_index_append;
	pizlonated_lzma_index_block_count;
	pizlonated_lzma_index_buffer_decode;
	pizlonated_lzma_index_buffer_encode;
	pizlonated_lzma_index_cat;
	pizlonated_lzma_index_checks;
	pizlonated_lzma_index_decoder;
	pizlonated_lzma_index_dup;
	pizlonated_lzma_index_encoder;
	pizlonated_lzma_index_end;
	pizlonated_lzma_index_file_size;
	pizlonated_lzma_index_hash_append;
	pizlonated_lzma_index_hash_decode;
	pizlonated_lzma_index_hash_end;
	pizlonated_lzma_index_hash_init;
	pizlonated_lzma_index_hash_size;
	pizlonated_lzma_index_init;
	pizlonated_lzma_index_iter_init;
	pizlonated_lzma_index_iter_locate;
	pizlonated_lzma_index_iter_next;
	pizlonated_lzma_index_iter_rewind;
	pizlonated_lzma_index_memusage;
	pizlonated_lzma_index_memused;
	pizlonated_lzma_index_size;
	pizlonated_lzma_index_stream_count;
	pizlonated_lzma_index_stream_flags;
	pizlonated_lzma_index_stream_padding;
	pizlonated_lzma_index_stream_size;
	pizlonated_lzma_index_total_size;
	pizlonated_lzma_index_uncompressed_size;
	pizlonated_lzma_lzma_preset;
	pizlonated_lzma_memlimit_get;
	pizlonated_lzma_memlimit_set;
	pizlonated_lzma_memusage;
	pizlonated_lzma_mf_is_supported;
	pizlonated_lzma_mode_is_supported;
	pizlonated_lzma_physmem;
	pizlonated_lzma_properties_decode;
	pizlonated_lzma_properties_encode;
	pizlonated_lzma_properties_size;
	pizlonated_lzma_raw_buffer_decode;
	pizlonated_lzma_raw_buffer_encode;
	pizlonated_lzma_raw_decoder;
	pizlonated_lzma_raw_decoder_memusage;
	pizlonated_lzma_raw_encoder;
	pizlonated_lzma_raw_encoder_memusage;
	pizlonated_lzma_stream_buffer_bound;
	pizlonated_lzma_stream_buffer_decode;
	pizlonated_lzma_stream_buffer_encode;
	pizlonated_lzma_stream_decoder;
	pizlonated_lzma_stream_encoder;
	pizlonated_lzma_stream_flags_compare;
	pizlonated_lzma_stream_footer_decode;
	pizlonated_lzma_stream_footer_encode;
	pizlonated_lzma_stream_header_decode;
	pizlonated_lzma_stream_header_encode;
	pizlonated_lzma_version_number;
	pizlonated_lzma_version_string;
	pizlonated_lzma_vli_decode;
	pizlonated_lzma_vli_encode;
	pizlonated_lzma_vli_size;

local:
	*;
};

XZ_5.2 {
global:
	pizlonated_lzma_block_uncomp_encode;
	pizlonated_lzma_cputhreads;
	pizlonated_lzma_get_progress;
	pizlonated_lzma_stream_encoder_mt;
	pizlonated_lzma_stream_encoder_mt_memusage;
} XZ_5.0;

XZ_5.4 {
global:
	pizlonated_lzma_file_info_decoder;
	pizlonated_lzma_filters_free;
	pizlonated_lzma_lzip_decoder;
	pizlonated_lzma_microlzma_decoder;
	pizlonated_lzma_microlzma_encoder;
	pizlonated_lzma_stream_decoder_mt;
	pizlonated_lzma_str_from_filters;
	pizlonated_lzma_str_list_filters;
	pizlonated_lzma_str_to_filters;
} XZ_5.2;

XZ_5.6.0 {
global:
	pizlonated_lzma_mt_block_size;
} XZ_5.4;
